  Determinando os projetos a serem restaurados...
D:\workspace\2025\novo\ClassicUO\src\ClassicUO.Client\ClassicUO.Client.csproj : warning NU1900: Ocorreu um erro ao obter os dados de vulnerabilidade do pacote: O tempo limite para o download de 'https://api.nuget.org/v3-vulnerabilities/2026.02.28.05.40.06/vulnerability.base.json' foi atingido porque nenhum dado foi recebido por 60000 ms. [D:\workspace\2025\novo\ClassicUO\ClassicUO.sln]
  Todos os projetos est├úo atualizados para restaura├º├úo.
  Loaded property overrides from 'D:\workspace\2025\novo\ClassicUO\FNA.Settings.props'
  ManifestCreator -> D:\workspace\2025\novo\ClassicUO\tools\ManifestCreator\bin\Debug\ManifestCreator.dll
  FNA.Core -> D:\workspace\2025\novo\ClassicUO\external\FNA\bin\x64\Debug\net48\FNA.dll
D:\workspace\2025\novo\ClassicUO\src\ClassicUO.Client\ClassicUO.Client.csproj : warning NU1900: Ocorreu um erro ao obter os dados de vulnerabilidade do pacote: O tempo limite para o download de 'https://api.nuget.org/v3-vulnerabilities/2026.02.28.05.40.06/vulnerability.base.json' foi atingido porque nenhum dado foi recebido por 60000 ms.
  ClassicUO.Utility -> D:\workspace\2025\novo\ClassicUO\src\ClassicUO.Utility\bin\Debug\ClassicUO.Utility.dll
  MP3Sharp -> D:\workspace\2025\novo\ClassicUO\external\MP3Sharp\MP3Sharp\bin\x64\Debug\net48\MP3Sharp.dll
  UOScript -> D:\workspace\2025\novo\ClassicUO\external\UOSteam\UOScript\bin\Debug\UOScript.dll
  FontStashSharp.FNA.Core -> D:\workspace\2025\novo\ClassicUO\external\FontStashSharp\src\XNA\bin\FNA.Core\Debug\net48\FontStashSharp.FNA.dll
  ClassicUO.IO -> D:\workspace\2025\novo\ClassicUO\src\ClassicUO.IO\bin\Debug\ClassicUO.IO.dll
  ClassicUO.Assets -> D:\workspace\2025\novo\ClassicUO\src\ClassicUO.Assets\bin\Debug\ClassicUO.Assets.dll
  ClassicUO.Renderer -> D:\workspace\2025\novo\ClassicUO\src\ClassicUO.Renderer\bin\Debug\ClassicUO.Renderer.dll
  ClassicUO.Client -> D:\workspace\2025\novo\ClassicUO\bin\Debug\ClassicUO.exe
  ClassicUO.UnitTests -> D:\workspace\2025\novo\ClassicUO\tests\ClassicUO.UnitTests\bin\Debug\ClassicUO.UnitTests.dll

Compila├º├úo com ├¬xito.

D:\workspace\2025\novo\ClassicUO\src\ClassicUO.Client\ClassicUO.Client.csproj : warning NU1900: Ocorreu um erro ao obter os dados de vulnerabilidade do pacote: O tempo limite para o download de 'https://api.nuget.org/v3-vulnerabilities/2026.02.28.05.40.06/vulnerability.base.json' foi atingido porque nenhum dado foi recebido por 60000 ms. [D:\workspace\2025\novo\ClassicUO\ClassicUO.sln]
D:\workspace\2025\novo\ClassicUO\src\ClassicUO.Client\ClassicUO.Client.csproj : warning NU1900: Ocorreu um erro ao obter os dados de vulnerabilidade do pacote: O tempo limite para o download de 'https://api.nuget.org/v3-vulnerabilities/2026.02.28.05.40.06/vulnerability.base.json' foi atingido porque nenhum dado foi recebido por 60000 ms.
    2 Aviso(s)
    0 Erro(s)

Tempo Decorrido 00:00:09.71
